\BOOKMARK [0][]{chapter*.2}{\376\377\000H\000o\000w\000\040\000t\000o\000\040\000r\000e\000a\000d\000\040\000t\000h\000i\000s\000\040\000d\000o\000c\000u\000m\000e\000n\000t}{}% 1
\BOOKMARK [1][]{section*.3}{\376\377\000G\000l\000o\000b\000a\000l\000\040\000n\000o\000t\000a\000t\000i\000o\000n}{chapter*.2}% 2
\BOOKMARK [-1][]{part.1}{\376\377\000I\000\040\000P\000r\000e\000l\000i\000m\000i\000n\000a\000r\000i\000e\000s}{}% 3
\BOOKMARK [0][]{chapter.1}{\376\377\0001\000\040\000T\000h\000e\000\040\000P\000r\000o\000t\000e\000i\000n\040\023\000L\000i\000g\000a\000n\000d\000\040\000D\000o\000c\000k\000i\000n\000g\000\040\000P\000r\000o\000b\000l\000e\000m}{part.1}% 4
\BOOKMARK [1][]{section.1.1}{\376\377\0001\000.\0001\000\040\000P\000r\000o\000t\000e\000i\000n\000s\000\040\000a\000n\000d\000\040\000l\000i\000g\000a\000n\000d\000s}{chapter.1}% 5
\BOOKMARK [1][]{section.1.2}{\376\377\0001\000.\0002\000\040\000P\000o\000s\000e\000s\000\040\000a\000n\000d\000\040\000d\000e\000g\000r\000e\000e\000s\000\040\000o\000f\000\040\000f\000r\000e\000e\000d\000o\000m}{chapter.1}% 6
\BOOKMARK [1][]{section.1.3}{\376\377\0001\000.\0003\000\040\000W\000h\000a\000t\000\040\000a\000\040\000d\000o\000c\000k\000i\000n\000g\000\040\000m\000o\000d\000e\000l\000\040\000p\000r\000e\000d\000i\000c\000t\000s\000,\000\040\000a\000n\000d\000\040\000w\000h\000a\000t\000\040\000i\000t\000\040\000d\000o\000e\000s\000\040\000n\000o\000t}{chapter.1}% 7
\BOOKMARK [1][]{section.1.4}{\376\377\0001\000.\0004\000\040\000E\000v\000a\000l\000u\000a\000t\000i\000o\000n\000:\000\040\000R\000M\000S\000D\000\040\000a\000n\000d\000\040\000s\000t\000r\000u\000c\000t\000u\000r\000a\000l\000\040\000v\000a\000l\000i\000d\000i\000t\000y}{chapter.1}% 8
\BOOKMARK [0][]{chapter.2}{\376\377\0002\000\040\000P\000r\000o\000b\000a\000b\000i\000l\000i\000t\000y\000\040\000a\000n\000d\000\040\000G\000e\000n\000e\000r\000a\000t\000i\000v\000e\000\040\000M\000o\000d\000e\000l\000l\000i\000n\000g\000\040\000F\000o\000u\000n\000d\000a\000t\000i\000o\000n\000s}{part.1}% 9
\BOOKMARK [1][]{section.2.1}{\376\377\0002\000.\0001\000\040\000D\000e\000n\000s\000i\000t\000i\000e\000s\000,\000\040\000c\000o\000n\000d\000i\000t\000i\000o\000n\000a\000l\000\040\000d\000e\000n\000s\000i\000t\000i\000e\000s\000,\000\040\000a\000n\000d\000\040\000p\000u\000s\000h\000f\000o\000r\000w\000a\000r\000d}{chapter.2}% 10
\BOOKMARK [1][]{section.2.2}{\376\377\0002\000.\0002\000\040\000S\000c\000o\000r\000e\000\040\000f\000u\000n\000c\000t\000i\000o\000n\000s}{chapter.2}% 11
\BOOKMARK [1][]{section.2.3}{\376\377\0002\000.\0003\000\040\000W\000h\000y\000\040\000t\000h\000e\000\040\000s\000c\000o\000r\000e\000\040\000s\000u\000f\000f\000i\000c\000e\000s\000\040\000f\000o\000r\000\040\000s\000a\000m\000p\000l\000i\000n\000g\000:\000\040\000L\000a\000n\000g\000e\000v\000i\000n\000\040\000d\000y\000n\000a\000m\000i\000c\000s}{chapter.2}% 12
\BOOKMARK [1][]{section.2.4}{\376\377\0002\000.\0004\000\040\000K\000u\000l\000l\000b\000a\000c\000k\040\023\000L\000e\000i\000b\000l\000e\000r\000\040\000d\000i\000v\000e\000r\000g\000e\000n\000c\000e\000\040\000a\000n\000d\000\040\000m\000a\000x\000i\000m\000u\000m\000\040\000l\000i\000k\000e\000l\000i\000h\000o\000o\000d}{chapter.2}% 13
\BOOKMARK [1][]{section.2.5}{\376\377\0002\000.\0005\000\040\000G\000e\000n\000e\000r\000a\000t\000i\000v\000e\000\040\000m\000o\000d\000e\000l\000l\000i\000n\000g\000\040\000a\000s\000\040\000d\000i\000s\000t\000r\000i\000b\000u\000t\000i\000o\000n\000\040\000t\000r\000a\000n\000s\000p\000o\000r\000t}{chapter.2}% 14
\BOOKMARK [-1][]{part.2}{\376\377\000I\000I\000\040\000G\000e\000o\000m\000e\000t\000r\000y}{}% 15
\BOOKMARK [0][]{chapter.3}{\376\377\0003\000\040\000M\000a\000n\000i\000f\000o\000l\000d\000s\000,\000\040\000G\000r\000o\000u\000p\000s\000,\000\040\000a\000n\000d\000\040\000R\000i\000g\000i\000d\000\040\000M\000o\000t\000i\000o\000n}{part.2}% 16
\BOOKMARK [1][]{section.3.1}{\376\377\0003\000.\0001\000\040\000M\000a\000n\000i\000f\000o\000l\000d\000s\000\040\000a\000n\000d\000\040\000t\000a\000n\000g\000e\000n\000t\000\040\000s\000p\000a\000c\000e\000s}{chapter.3}% 17
\BOOKMARK [2][]{subsection.3.1.1}{\376\377\0003\000.\0001\000.\0001\000\040\000W\000h\000y\000\040\000a\000\040\000t\000a\000n\000g\000e\000n\000t\000\040\000s\000p\000a\000c\000e\000\040\000a\000t\000\040\000a\000l\000l\000,\000\040\000a\000n\000d\000\040\000w\000h\000y\000\040\000o\000n\000e\000\040\000p\000e\000r\000\040\000p\000o\000i\000n\000t}{section.3.1}% 18
\BOOKMARK [2][]{subsection.3.1.2}{\376\377\0003\000.\0001\000.\0002\000\040\000M\000e\000a\000s\000u\000r\000i\000n\000g\000:\000\040\000R\000i\000e\000m\000a\000n\000n\000i\000a\000n\000\040\000m\000e\000t\000r\000i\000c\000s\000\040\000a\000n\000d\000\040\000g\000e\000o\000d\000e\000s\000i\000c\000s}{section.3.1}% 19
\BOOKMARK [2][]{subsection.3.1.3}{\376\377\0003\000.\0001\000.\0003\000\040\000R\000e\000p\000l\000a\000c\000i\000n\000g\000\040\000x\000+\000v\000\040\000a\000n\000d\000\040\000y\000-\000x\000:\000\040\000t\000h\000e\000\040\000e\000x\000p\000o\000n\000e\000n\000t\000i\000a\000l\000\040\000a\000n\000d\000\040\000l\000o\000g\000a\000r\000i\000t\000h\000m\000i\000c\000\040\000m\000a\000p\000s}{section.3.1}% 20
\BOOKMARK [1][]{section.3.2}{\376\377\0003\000.\0002\000\040\000G\000r\000o\000u\000p\000s\000\040\000a\000n\000d\000\040\000L\000i\000e\000\040\000g\000r\000o\000u\000p\000s}{chapter.3}% 21
\BOOKMARK [1][]{section.3.3}{\376\377\0003\000.\0003\000\040\000T\000h\000e\000\040\000r\000o\000t\000a\000t\000i\000o\000n\000\040\000g\000r\000o\000u\000p\000\040\000S\000O\000\050\0003\000\051}{chapter.3}% 22
\BOOKMARK [2][]{subsection.3.3.1}{\376\377\0003\000.\0003\000.\0001\000\040\000D\000e\000f\000i\000n\000i\000t\000i\000o\000n\000\040\000a\000n\000d\000\040\000d\000i\000m\000e\000n\000s\000i\000o\000n}{section.3.3}% 23
\BOOKMARK [2][]{subsection.3.3.2}{\376\377\0003\000.\0003\000.\0002\000\040\000T\000h\000e\000\040\000L\000i\000e\000\040\000a\000l\000g\000e\000b\000r\000a\000\040\000`\0003\003\001\0009\000`\0004\0002\000`\000"\003\007\0006\0001\0003\000A\000`\000`\0004\0005\000`\0004\0007\000`\000"\0006\0000\0003\000A\000s\000o\000\050\0003\000\051\000\040\000a\000n\000d\000\040\000t\000h\000e\000\040\000h\000a\000t\000/\000v\000e\000e\000\040\000m\000a\000p\000s}{section.3.3}% 24
\BOOKMARK [2][]{subsection.3.3.3}{\376\377\0003\000.\0003\000.\0003\000\040\000T\000h\000e\000\040\000e\000x\000p\000o\000n\000e\000n\000t\000i\000a\000l\000\040\000m\000a\000p\000:\000\040\000R\000o\000d\000r\000i\000g\000u\000e\000s\000'\000\040\000f\000o\000r\000m\000u\000l\000a}{section.3.3}% 25
\BOOKMARK [2][]{subsection.3.3.4}{\376\377\0003\000.\0003\000.\0004\000\040\000T\000h\000e\000\040\000l\000o\000g\000a\000r\000i\000t\000h\000m\000i\000c\000\040\000m\000a\000p\000,\000\040\000a\000n\000d\000\040\000i\000t\000s\000\040\000n\000u\000m\000e\000r\000i\000c\000a\000l\000l\000y\000\040\000d\000a\000n\000g\000e\000r\000o\000u\000s\000\040\000p\000o\000i\000n\000t\000s}{section.3.3}% 26
\BOOKMARK [2][]{subsection.3.3.5}{\376\377\0003\000.\0003\000.\0005\000\040\000S\000O\000\050\0003\000\051\000\040\000a\000s\000\040\000a\000\040\000m\000e\000t\000r\000i\000c\000\040\000s\000p\000a\000c\000e\000,\000\040\000a\000n\000d\000\040\000B\000r\000o\000w\000n\000i\000a\000n\000\040\000m\000o\000t\000i\000o\000n\000'\000s\000\040\000i\000n\000v\000a\000r\000i\000a\000n\000t\000\040\000m\000e\000a\000s\000u\000r\000e}{section.3.3}% 27
\BOOKMARK [1][]{section.3.4}{\376\377\0003\000.\0004\000\040\000L\000e\000f\000t\000\040\000a\000n\000d\000\040\000r\000i\000g\000h\000t\000\040\000t\000r\000i\000v\000i\000a\000l\000i\000s\000a\000t\000i\000o\000n\000,\000\040\000r\000e\000s\000o\000l\000v\000e\000d\000\040\000f\000o\000r\000\040\000t\000h\000i\000s\000\040\000d\000o\000c\000u\000m\000e\000n\000t}{chapter.3}% 28
\BOOKMARK [1][]{section.3.5}{\376\377\0003\000.\0005\000\040\000T\000h\000e\000\040\000p\000o\000s\000e\000\040\000g\000r\000o\000u\000p\000\040\000S\000E\000\050\0003\000\051\000\040\000a\000n\000d\000\040\000t\000h\000e\000\040\000p\000r\000o\000d\000u\000c\000t\000\040\000m\000a\000n\000i\000f\000o\000l\000d\000\040\000S\000E\000\050\0003\000\051\000N}{chapter.3}% 29
\BOOKMARK [1][]{section.3.6}{\376\377\0003\000.\0006\000\040\000T\000h\000e\000\040\000t\000o\000r\000s\000i\000o\000n\000\040\000s\000p\000a\000c\000e\000\040\000T\000k}{chapter.3}% 30
\BOOKMARK [0][]{chapter.4}{\376\377\0004\000\040\000S\000t\000e\000e\000r\000a\000b\000l\000e\000\040\000R\000e\000p\000r\000e\000s\000e\000n\000t\000a\000t\000i\000o\000n\000s\000:\000\040\000S\000p\000h\000e\000r\000i\000c\000a\000l\000\040\000H\000a\000r\000m\000o\000n\000i\000c\000s\000,\000\040\000W\000i\000g\000n\000e\000r\000\040\000M\000a\000t\000r\000i\000c\000e\000s\000,\000\040\000a\000n\000d\000\040\000C\000l\000e\000b\000s\000c\000h\040\023\000G\000o\000r\000d\000a\000n\000\040\000C\000o\000e\000f\000f\000i\000c\000i\000e\000n\000t\000s}{part.2}% 31
\BOOKMARK [1][]{section.4.1}{\376\377\0004\000.\0001\000\040\000T\000h\000e\000\040\000p\000r\000o\000b\000l\000e\000m\000\040\000t\000h\000i\000s\000\040\000c\000h\000a\000p\000t\000e\000r\000\040\000e\000x\000i\000s\000t\000s\000\040\000t\000o\000\040\000s\000o\000l\000v\000e}{chapter.4}% 32
\BOOKMARK [2][]{subsection.4.1.1}{\376\377\0004\000.\0001\000.\0001\000\040\000R\000o\000t\000a\000t\000i\000n\000g\000\040\000t\000h\000e\000\040\000w\000h\000o\000l\000e\000\040\000s\000y\000s\000t\000e\000m\000\040\000c\000h\000a\000n\000g\000e\000s\000\040\000n\000o\000t\000h\000i\000n\000g\000\040\000p\000h\000y\000s\000i\000c\000a\000l}{section.4.1}% 33
\BOOKMARK [2][]{subsection.4.1.2}{\376\377\0004\000.\0001\000.\0002\000\040\000T\000w\000o\000\040\000d\000i\000f\000f\000e\000r\000e\000n\000t\000\040\000k\000i\000n\000d\000s\000\040\000o\000f\000\040\000`\000`\000u\000n\000c\000h\000a\000n\000g\000e\000d\000'\000'}{section.4.1}% 34
\BOOKMARK [2][]{subsection.4.1.3}{\376\377\0004\000.\0001\000.\0003\000\040\000W\000h\000y\000\040\000a\000n\000\040\000o\000r\000d\000i\000n\000a\000r\000y\000\040\000n\000e\000t\000w\000o\000r\000k\000\040\000d\000o\000e\000s\000\040\000n\000o\000t\000\040\000d\000o\000\040\000t\000h\000i\000s\000\040\000b\000y\000\040\000i\000t\000s\000e\000l\000f}{section.4.1}% 35
\BOOKMARK [2][]{subsection.4.1.4}{\376\377\0004\000.\0001\000.\0004\000\040\000W\000h\000y\000\040\000d\000a\000t\000a\000\040\000a\000u\000g\000m\000e\000n\000t\000a\000t\000i\000o\000n\000\040\000i\000s\000\040\000n\000o\000t\000\040\000a\000\040\000s\000u\000b\000s\000t\000i\000t\000u\000t\000e}{section.4.1}% 36
\BOOKMARK [1][]{section.4.2}{\376\377\0004\000.\0002\000\040\000G\000r\000o\000u\000p\000\040\000a\000c\000t\000i\000o\000n\000s\000:\000\040\000h\000o\000w\000\040\000a\000\040\000g\000r\000o\000u\000p\000\040\000m\000o\000v\000e\000s\000\040\000t\000h\000i\000n\000g\000s}{chapter.4}% 37
\BOOKMARK [1][]{section.4.3}{\376\377\0004\000.\0003\000\040\000I\000n\000v\000a\000r\000i\000a\000n\000c\000e\000\040\000a\000n\000d\000\040\000e\000q\000u\000i\000v\000a\000r\000i\000a\000n\000c\000e\000,\000\040\000f\000o\000r\000m\000a\000l\000l\000y}{chapter.4}% 38
\BOOKMARK [1][]{section.4.4}{\376\377\0004\000.\0004\000\040\000W\000h\000y\000\040\000r\000e\000p\000r\000e\000s\000e\000n\000t\000a\000t\000i\000o\000n\000\040\000t\000h\000e\000o\000r\000y\000,\000\040\000a\000n\000d\000\040\000n\000o\000t\000\040\000s\000o\000m\000e\000t\000h\000i\000n\000g\000\040\000s\000i\000m\000p\000l\000e\000r}{chapter.4}% 39
\BOOKMARK [1][]{section.4.5}{\376\377\0004\000.\0005\000\040\000R\000e\000p\000r\000e\000s\000e\000n\000t\000a\000t\000i\000o\000n\000s\000\040\000o\000f\000\040\000S\000O\000\050\0003\000\051}{chapter.4}% 40
\BOOKMARK [1][]{section.4.6}{\376\377\0004\000.\0006\000\040\000S\000p\000h\000e\000r\000i\000c\000a\000l\000\040\000h\000a\000r\000m\000o\000n\000i\000c\000s}{chapter.4}% 41
\BOOKMARK [2][]{subsection.4.6.1}{\376\377\0004\000.\0006\000.\0001\000\040\000E\000x\000p\000l\000i\000c\000i\000t\000\040\000l\000o\000w\000-\000d\000e\000g\000r\000e\000e\000\040\000f\000o\000r\000m\000u\000l\000a\000s\000,\000\040\000a\000n\000d\000\040\000t\000h\000e\000\040\000c\000o\000n\000n\000e\000c\000t\000i\000o\000n\000\040\000t\000o\000\040\000f\000a\000m\000i\000l\000i\000a\000r\000\040\000o\000p\000e\000r\000a\000t\000i\000o\000n\000s}{section.4.6}% 42
\BOOKMARK [1][]{section.4.7}{\376\377\0004\000.\0007\000\040\000W\000i\000g\000n\000e\000r\000-\000D\000\040\000m\000a\000t\000r\000i\000c\000e\000s}{chapter.4}% 43
\BOOKMARK [1][]{section.4.8}{\376\377\0004\000.\0008\000\040\000T\000e\000n\000s\000o\000r\000\040\000p\000r\000o\000d\000u\000c\000t\000s\000\040\000a\000n\000d\000\040\000C\000l\000e\000b\000s\000c\000h\040\023\000G\000o\000r\000d\000a\000n\000\040\000c\000o\000e\000f\000f\000i\000c\000i\000e\000n\000t\000s}{chapter.4}% 44
\BOOKMARK [1][]{section.4.9}{\376\377\0004\000.\0009\000\040\000C\000o\000n\000s\000e\000q\000u\000e\000n\000c\000e\000s\000\040\000f\000o\000r\000\040\000e\000q\000u\000i\000v\000a\000r\000i\000a\000n\000t\000\040\000l\000i\000n\000e\000a\000r\000\040\000m\000a\000p\000s\000\040\000a\000n\000d\000\040\000n\000o\000n\000l\000i\000n\000e\000a\000r\000i\000t\000i\000e\000s}{chapter.4}% 45
\BOOKMARK [-1][]{part.3}{\376\377\000I\000I\000I\000\040\000D\000i\000f\000f\000u\000s\000i\000o\000n\000\040\000M\000o\000d\000e\000l\000s}{}% 46
\BOOKMARK [0][]{chapter.5}{\376\377\0005\000\040\000D\000i\000f\000f\000u\000s\000i\000o\000n\000\040\000M\000o\000d\000e\000l\000s\000\040\000i\000n\000\040\000R\000d}{part.3}% 47
\BOOKMARK [1][]{section.5.1}{\376\377\0005\000.\0001\000\040\000D\000e\000n\000o\000i\000s\000i\000n\000g\000\040\000s\000c\000o\000r\000e\000\040\000m\000a\000t\000c\000h\000i\000n\000g}{chapter.5}% 48
\BOOKMARK [1][]{section.5.2}{\376\377\0005\000.\0002\000\040\000T\000h\000e\000\040\000S\000D\000E\000\040\000p\000e\000r\000s\000p\000e\000c\000t\000i\000v\000e\000,\000\040\000a\000n\000d\000\040\000w\000h\000y\000\040\000a\000\040\000s\000i\000n\000g\000l\000e\000\040\000n\000o\000i\000s\000e\000\040\000l\000e\000v\000e\000l\000\040\000i\000s\000\040\000n\000o\000t\000\040\000e\000n\000o\000u\000g\000h}{chapter.5}% 49
\BOOKMARK [2][]{subsection.5.2.1}{\376\377\0005\000.\0002\000.\0001\000\040\000S\000c\000o\000r\000e\000,\000\040\000w\000e\000i\000g\000h\000t\000i\000n\000g\000,\000\040\000a\000n\000d\000\040\000t\000h\000e\000\040\000t\000r\000a\000i\000n\000i\000n\000g\000\040\000o\000b\000j\000e\000c\000t\000i\000v\000e\000\040\000i\000n\000\040\000c\000o\000n\000t\000i\000n\000u\000o\000u\000s\000\040\000t\000i\000m\000e}{section.5.2}% 50
\BOOKMARK [2][]{subsection.5.2.2}{\376\377\0005\000.\0002\000.\0002\000\040\000T\000h\000e\000\040\000r\000e\000v\000e\000r\000s\000e\000-\000t\000i\000m\000e\000\040\000S\000D\000E}{section.5.2}% 51
\BOOKMARK [1][]{section.5.3}{\376\377\0005\000.\0003\000\040\000T\000h\000e\000\040\000p\000r\000o\000b\000a\000b\000i\000l\000i\000t\000y\000\040\000f\000l\000o\000w\000\040\000O\000D\000E\000,\000\040\000a\000n\000d\000\040\000t\000h\000e\000\040\000b\000r\000i\000d\000g\000e\000\040\000t\000o\000\040\000f\000l\000o\000w\000\040\000m\000a\000t\000c\000h\000i\000n\000g}{chapter.5}% 52
\BOOKMARK [0][]{chapter.6}{\376\377\0006\000\040\000D\000i\000f\000f\000u\000s\000i\000o\000n\000\040\000M\000o\000d\000e\000l\000s\000\040\000o\000n\000\040\000S\000O\000\050\0003\000\051}{part.3}% 53
\BOOKMARK [1][]{section.6.1}{\376\377\0006\000.\0001\000\040\000B\000r\000o\000w\000n\000i\000a\000n\000\040\000m\000o\000t\000i\000o\000n\000\040\000o\000n\000\040\000a\000\040\000R\000i\000e\000m\000a\000n\000n\000i\000a\000n\000\040\000m\000a\000n\000i\000f\000o\000l\000d}{chapter.6}% 54
\BOOKMARK [1][]{section.6.2}{\376\377\0006\000.\0002\000\040\000T\000h\000e\000\040\000h\000e\000a\000t\000\040\000k\000e\000r\000n\000e\000l\000\040\000o\000n\000\040\000S\000O\000\050\0003\000\051\000:\000\040\000I\000G\000S\000O\000\050\0003\000\051}{chapter.6}% 55
\BOOKMARK [2][]{subsection.6.2.1}{\376\377\0006\000.\0002\000.\0001\000\040\000T\000h\000e\000\040\000s\000c\000o\000r\000e\000\040\000o\000f\000\040\000t\000h\000e\000\040\000I\000G\000S\000O\000\050\0003\000\051\000\040\000k\000e\000r\000n\000e\000l}{section.6.2}% 56
\BOOKMARK [2][]{subsection.6.2.2}{\376\377\0006\000.\0002\000.\0002\000\040\000N\000u\000m\000e\000r\000i\000c\000a\000l\000\040\000i\000m\000p\000l\000e\000m\000e\000n\000t\000a\000t\000i\000o\000n\000:\000\040\000t\000r\000u\000n\000c\000a\000t\000i\000o\000n\000,\000\040\000t\000a\000b\000u\000l\000a\000t\000i\000o\000n\000,\000\040\000a\000n\000d\000\040\000c\000a\000c\000h\000i\000n\000g}{section.6.2}% 57
\BOOKMARK [1][]{section.6.3}{\376\377\0006\000.\0003\000\040\000R\000i\000e\000m\000a\000n\000n\000i\000a\000n\000\040\000d\000e\000n\000o\000i\000s\000i\000n\000g\000\040\000s\000c\000o\000r\000e\000\040\000m\000a\000t\000c\000h\000i\000n\000g\000\040\000a\000n\000d\000\040\000t\000h\000e\000\040\000r\000e\000v\000e\000r\000s\000e\000-\000t\000i\000m\000e\000\040\000S\000D\000E\000\040\000o\000n\000\040\000S\000O\000\050\0003\000\051}{chapter.6}% 58
\BOOKMARK [-1][]{part.4}{\376\377\000I\000V\000\040\000A\000r\000c\000h\000i\000t\000e\000c\000t\000u\000r\000e}{}% 59
\BOOKMARK [0][]{chapter.7}{\376\377\0007\000\040\000F\000r\000o\000m\000\040\000S\000e\000t\000s\000\040\000t\000o\000\040\000G\000e\000o\000m\000e\000t\000r\000y\000:\000\040\000A\000t\000t\000e\000n\000t\000i\000o\000n\000,\000\040\000M\000e\000s\000s\000a\000g\000e\000\040\000P\000a\000s\000s\000i\000n\000g\000,\000\040\000a\000n\000d\000\040\000t\000h\000e\000\040\000E\000q\000u\000i\000v\000a\000r\000i\000a\000n\000c\000e\000\040\000O\000b\000s\000t\000r\000u\000c\000t\000i\000o\000n}{part.4}% 60
\BOOKMARK [1][]{section.7.1}{\376\377\0007\000.\0001\000\040\000T\000h\000e\000\040\000n\000e\000t\000w\000o\000r\000k\000'\000s\000\040\000s\000i\000g\000n\000a\000t\000u\000r\000e}{chapter.7}% 61
\BOOKMARK [1][]{section.7.2}{\376\377\0007\000.\0002\000\040\000T\000w\000o\000\040\000s\000t\000r\000u\000c\000t\000u\000r\000a\000l\000\040\000r\000e\000q\000u\000i\000r\000e\000m\000e\000n\000t\000s}{chapter.7}% 62
\BOOKMARK [1][]{section.7.3}{\376\377\0007\000.\0003\000\040\000A\000t\000t\000e\000n\000t\000i\000o\000n\000,\000\040\000a\000n\000d\000\040\000t\000h\000e\000\040\000p\000e\000r\000m\000u\000t\000a\000t\000i\000o\000n\000-\000e\000q\000u\000i\000v\000a\000r\000i\000a\000n\000c\000e\000\040\000h\000a\000l\000f\000\040\000o\000f\000\040\000t\000h\000e\000\040\000p\000r\000o\000b\000l\000e\000m}{chapter.7}% 63
\BOOKMARK [1][]{section.7.4}{\376\377\0007\000.\0004\000\040\000G\000e\000o\000m\000e\000t\000r\000i\000c\000\040\000g\000r\000a\000p\000h\000s\000\040\000a\000n\000d\000\040\000m\000e\000s\000s\000a\000g\000e\000\040\000p\000a\000s\000s\000i\000n\000g}{chapter.7}% 64
\BOOKMARK [1][]{section.7.5}{\376\377\0007\000.\0005\000\040\000T\000h\000e\000\040\000o\000b\000s\000t\000r\000u\000c\000t\000i\000o\000n\000:\000\040\000i\000n\000v\000a\000r\000i\000a\000n\000t\000\040\000f\000e\000a\000t\000u\000r\000e\000s\000\040\000c\000a\000n\000n\000o\000t\000\040\000o\000u\000t\000p\000u\000t\000\040\000a\000\040\000v\000e\000c\000t\000o\000r}{chapter.7}% 65
\BOOKMARK [1][]{section.7.6}{\376\377\0007\000.\0006\000\040\000A\000\040\000m\000i\000n\000i\000m\000a\000l\000\040\000r\000e\000p\000a\000i\000r\000,\000\040\000a\000n\000d\000\040\000w\000h\000y\000\040\000i\000t\000\040\000i\000s\000\040\000n\000o\000t\000\040\000e\000n\000o\000u\000g\000h}{chapter.7}% 66
\BOOKMARK [0][]{chapter.8}{\376\377\0008\000\040\000E\000q\000u\000i\000f\000o\000r\000m\000e\000r\000\040\000a\000n\000d\000\040\000E\000q\000u\000i\000f\000o\000r\000m\000e\000r\000V\0002}{part.4}% 67
\BOOKMARK [1][]{section.8.1}{\376\377\0008\000.\0001\000\040\000F\000r\000o\000m\000\040\000s\000c\000a\000l\000a\000r\000\040\000m\000e\000s\000s\000a\000g\000e\000s\000\040\000t\000o\000\040\000s\000t\000e\000e\000r\000a\000b\000l\000e\000\040\000m\000e\000s\000s\000a\000g\000e\000s}{chapter.8}% 68
\BOOKMARK [1][]{section.8.2}{\376\377\0008\000.\0002\000\040\000E\000m\000b\000e\000d\000d\000i\000n\000g\000\040\000g\000e\000o\000m\000e\000t\000r\000y\000:\000\040\000s\000p\000h\000e\000r\000i\000c\000a\000l\000\040\000h\000a\000r\000m\000o\000n\000i\000c\000s\000\040\000o\000n\000\040\000e\000d\000g\000e\000s}{chapter.8}% 69
\BOOKMARK [1][]{section.8.3}{\376\377\0008\000.\0003\000\040\000T\000h\000e\000\040\000e\000S\000C\000N\000\040\000r\000e\000d\000u\000c\000t\000i\000o\000n\000:\000\040\000a\000l\000i\000g\000n\000i\000n\000g\000\040\000e\000v\000e\000r\000y\000\040\000e\000d\000g\000e\000\040\000t\000o\000\040\000i\000t\000s\000\040\000o\000w\000n\000\040\000f\000r\000a\000m\000e}{chapter.8}% 70
\BOOKMARK [1][]{section.8.4}{\376\377\0008\000.\0004\000\040\000S\000O\000\050\0002\000\051\000-\000e\000q\000u\000i\000v\000a\000r\000i\000a\000n\000t\000\040\000c\000o\000n\000v\000o\000l\000u\000t\000i\000o\000n\000:\000\040\000t\000h\000e\000\040\000a\000c\000t\000u\000a\000l\000\040\000E\000q\000u\000i\000f\000o\000r\000m\000e\000r\000V\0002\000\040\000m\000e\000s\000s\000a\000g\000e}{chapter.8}% 71
\BOOKMARK [1][]{section.8.5}{\376\377\0008\000.\0005\000\040\000E\000q\000u\000i\000v\000a\000r\000i\000a\000n\000t\000\040\000n\000o\000n\000l\000i\000n\000e\000a\000r\000i\000t\000y\000:\000\040\000g\000a\000t\000i\000n\000g\000\040\000a\000n\000d\000\040\000t\000h\000e\000\040\000s\000e\000p\000a\000r\000a\000b\000l\000e\000\040\000S\0002\000\040\000a\000c\000t\000i\000v\000a\000t\000i\000o\000n}{chapter.8}% 72
\BOOKMARK [1][]{section.8.6}{\376\377\0008\000.\0006\000\040\000E\000q\000u\000i\000v\000a\000r\000i\000a\000n\000t\000\040\000l\000i\000n\000e\000a\000r\000\040\000l\000a\000y\000e\000r\000s\000\040\000a\000n\000d\000\040\000n\000o\000r\000m\000a\000l\000i\000s\000a\000t\000i\000o\000n}{chapter.8}% 73
\BOOKMARK [1][]{section.8.7}{\376\377\0008\000.\0007\000\040\000E\000q\000u\000i\000v\000a\000r\000i\000a\000n\000t\000\040\000a\000t\000t\000e\000n\000t\000i\000o\000n\000\040\000w\000e\000i\000g\000h\000t\000s}{chapter.8}% 74
\BOOKMARK [2][]{subsection.8.7.1}{\376\377\0008\000.\0007\000.\0001\000\040\000A\000s\000s\000e\000m\000b\000l\000i\000n\000g\000\040\000t\000h\000e\000\040\000f\000u\000l\000l\000\040\000a\000t\000t\000e\000n\000t\000i\000o\000n\000\040\000b\000l\000o\000c\000k}{section.8.7}% 75
\BOOKMARK [1][]{section.8.8}{\376\377\0008\000.\0008\000\040\000N\000o\000d\000e\000\040\000e\000m\000b\000e\000d\000d\000i\000n\000g\000:\000\040\000t\000u\000r\000n\000i\000n\000g\000\040\000c\000h\000e\000m\000i\000s\000t\000r\000y\000\040\000i\000n\000t\000o\000\040\000a\000\040\000s\000t\000e\000e\000r\000a\000b\000l\000e\000\040\000f\000e\000a\000t\000u\000r\000e}{chapter.8}% 76
\BOOKMARK [1][]{section.8.9}{\376\377\0008\000.\0009\000\040\000R\000e\000a\000d\000i\000n\000g\000\040\000o\000u\000t\000\040\000t\000h\000e\000\040\000v\000e\000c\000t\000o\000r\000\040\000f\000i\000e\000l\000d}{chapter.8}% 77
\BOOKMARK [1][]{section.8.10}{\376\377\0008\000.\0001\0000\000\040\000E\000q\000u\000i\000f\000o\000r\000m\000e\000r\000V\0001\000\040\000v\000s\000.\000\040\000E\000q\000u\000i\000f\000o\000r\000m\000e\000r\000V\0002\000:\000\040\000w\000h\000a\000t\000\040\000a\000c\000t\000u\000a\000l\000l\000y\000\040\000c\000h\000a\000n\000g\000e\000d\000,\000\040\000a\000n\000d\000\040\000w\000h\000a\000t\000\040\000t\000h\000i\000s\000\040\000c\000o\000d\000e\000b\000a\000s\000e\000\040\000a\000c\000t\000u\000a\000l\000l\000y\000\040\000s\000h\000i\000p\000s}{chapter.8}% 78
\BOOKMARK [1][]{section.8.11}{\376\377\0008\000.\0001\0001\000\040\000S\000u\000m\000m\000a\000r\000y\000:\000\040\000a\000r\000c\000h\000i\000t\000e\000c\000t\000u\000r\000e\000,\000\040\000h\000y\000p\000e\000r\000p\000a\000r\000a\000m\000e\000t\000e\000r\000s\000,\000\040\000a\000n\000d\000\040\000p\000a\000r\000a\000m\000e\000t\000e\000r\000\040\000c\000o\000u\000n\000t}{chapter.8}% 79
\BOOKMARK [-1][]{part.5}{\376\377\000V\000\040\000S\000i\000g\000m\000a\000D\000o\000c\000k}{}% 80
\BOOKMARK [0][]{chapter.9}{\376\377\0009\000\040\000S\000i\000g\000m\000a\000D\000o\000c\000k\000:\000\040\000F\000u\000l\000l\000\040\000R\000e\000c\000o\000n\000s\000t\000r\000u\000c\000t\000i\000o\000n}{part.5}% 81
\BOOKMARK [1][]{section.9.1}{\376\377\0009\000.\0001\000\040\000C\000h\000o\000o\000s\000i\000n\000g\000\040\000t\000h\000e\000\040\000s\000t\000a\000t\000e\000\040\000s\000p\000a\000c\000e}{chapter.9}% 82
\BOOKMARK [1][]{section.9.2}{\376\377\0009\000.\0002\000\040\000T\000h\000e\000\040\000c\000o\000n\000f\000o\000r\000m\000a\000t\000i\000o\000n\000a\000l\000\040\000m\000a\000n\000i\000f\000o\000l\000d\000:\000\040\000w\000h\000a\000t\000\040\000r\000i\000g\000i\000d\000i\000t\000y\000\040\000c\000o\000s\000t\000s}{chapter.9}% 83
\BOOKMARK [1][]{section.9.3}{\376\377\0009\000.\0003\000\040\000F\000R\0003\000D\000:\000\040\000r\000e\000d\000u\000c\000i\000n\000g\000\040\000f\000r\000a\000g\000m\000e\000n\000t\000\040\000c\000o\000u\000n\000t}{chapter.9}% 84
\BOOKMARK [2][]{subsection.9.3.1}{\376\377\0009\000.\0003\000.\0001\000\040\000R\000o\000t\000a\000t\000a\000b\000l\000e\000-\000b\000o\000n\000d\000\040\000d\000e\000t\000e\000c\000t\000i\000o\000n\000,\000\040\000a\000s\000\040\000a\000c\000t\000u\000a\000l\000l\000y\000\040\000i\000m\000p\000l\000e\000m\000e\000n\000t\000e\000d}{section.9.3}% 85
\BOOKMARK [2][]{subsection.9.3.2}{\376\377\0009\000.\0003\000.\0002\000\040\000D\000u\000m\000m\000y\000\040\000a\000t\000o\000m\000s\000\040\000a\000n\000d\000\040\000f\000r\000a\000g\000m\000e\000n\000t\000\040\000b\000o\000u\000n\000d\000a\000r\000i\000e\000s}{section.9.3}% 86
\BOOKMARK [1][]{section.9.4}{\376\377\0009\000.\0004\000\040\000T\000r\000i\000a\000n\000g\000u\000l\000a\000t\000i\000o\000n\000:\000\040\000a\000n\000\040\000i\000n\000v\000a\000r\000i\000a\000n\000t\000,\000\040\000s\000o\000f\000t\000\040\000g\000e\000o\000m\000e\000t\000r\000i\000c\000\040\000p\000r\000i\000o\000r\000\040\000a\000t\000\040\000f\000r\000a\000g\000m\000e\000n\000t\000\040\000b\000o\000u\000n\000d\000a\000r\000i\000e\000s}{chapter.9}% 87
\BOOKMARK [1][]{section.9.5}{\376\377\0009\000.\0005\000\040\000S\000y\000m\000m\000e\000t\000r\000y\000:\000\040\000g\000a\000u\000g\000e\000\040\000i\000n\000v\000a\000r\000i\000a\000n\000c\000e\000\040\000a\000n\000d\000\040\000s\000t\000o\000c\000h\000a\000s\000t\000i\000c\000\040\000S\000E\000\050\0003\000\051\000-\000e\000q\000u\000i\000v\000a\000r\000i\000a\000n\000c\000e}{chapter.9}% 88
\BOOKMARK [1][]{section.9.6}{\376\377\0009\000.\0006\000\040\000T\000h\000e\000\040\000f\000o\000r\000w\000a\000r\000d\000\040\000\050\000n\000o\000i\000s\000i\000n\000g\000\051\000\040\000p\000r\000o\000c\000e\000s\000s}{chapter.9}% 89
\BOOKMARK [1][]{section.9.7}{\376\377\0009\000.\0007\000\040\000I\000n\000p\000u\000t\000\040\000g\000r\000a\000p\000h\000,\000\040\000f\000e\000a\000t\000u\000r\000i\000s\000a\000t\000i\000o\000n\000,\000\040\000a\000n\000d\000\040\000b\000a\000c\000k\000b\000o\000n\000e}{chapter.9}% 90
\BOOKMARK [2][]{subsection.9.7.1}{\376\377\0009\000.\0007\000.\0001\000\040\000F\000r\000a\000g\000m\000e\000n\000t\000\040\000r\000e\000c\000o\000n\000s\000t\000r\000u\000c\000t\000i\000o\000n\000:\000\040\000t\000h\000e\000\040\000m\000a\000p\000\040}{section.9.7}% 91
\BOOKMARK [1][]{section.9.8}{\376\377\0009\000.\0008\000\040\000T\000h\000e\000\040\000N\000e\000w\000t\000o\000n\040\023\000E\000u\000l\000e\000r\000\040\000p\000r\000e\000d\000i\000c\000t\000i\000o\000n\000\040\000h\000e\000a\000d}{chapter.9}% 92
\BOOKMARK [2][]{subsection.9.8.1}{\376\377\0009\000.\0008\000.\0001\000\040\000F\000r\000o\000m\000\040\000n\000e\000t\000w\000o\000r\000k\000\040\000o\000u\000t\000p\000u\000t\000\040\000t\000o\000\040\000a\000\040\000p\000h\000y\000s\000i\000c\000a\000l\000\040\000a\000n\000a\000l\000o\000g\000y}{section.9.8}% 93
\BOOKMARK [2][]{subsection.9.8.2}{\376\377\0009\000.\0008\000.\0002\000\040\000N\000e\000t\000\040\000f\000o\000r\000c\000e\000,\000\040\000t\000o\000r\000q\000u\000e\000,\000\040\000a\000n\000d\000\040\000i\000n\000e\000r\000t\000i\000a\000:\000\040\000e\000x\000a\000c\000t\000\040\000c\000l\000a\000s\000s\000i\000c\000a\000l\000\040\000m\000e\000c\000h\000a\000n\000i\000c\000s}{section.9.8}% 94
\BOOKMARK [2][]{subsection.9.8.3}{\376\377\0009\000.\0008\000.\0003\000\040\000N\000e\000w\000t\000o\000n\040\023\000M\000a\000r\000u\000y\000a\000m\000a\000:\000\040\000o\000n\000e\000\040\000d\000i\000s\000c\000r\000e\000t\000i\000s\000e\000d\000\040\000s\000t\000e\000p\000\040\000o\000f\000\040\000r\000i\000g\000i\000d\000-\000b\000o\000d\000y\000\040\000d\000y\000n\000a\000m\000i\000c\000s}{section.9.8}% 95
\BOOKMARK [2][]{subsection.9.8.4}{\376\377\0009\000.\0008\000.\0004\000\040\000D\000r\000e\000s\000s\000i\000n\000g\000\040\000t\000h\000e\000\040\000r\000a\000w\000\040\000o\000u\000t\000p\000u\000t\000\040\000i\000n\000t\000o\000\040\000a\000\040\000s\000c\000o\000r\000e\000:\000\040\000t\000h\000e\000\040\000t\000w\000o\000\040\000b\000r\000a\000n\000c\000h\000e\000s}{section.9.8}% 96
\BOOKMARK [1][]{section.9.9}{\376\377\0009\000.\0009\000\040\000T\000h\000e\000\040\000t\000r\000a\000i\000n\000i\000n\000g\000\040\000l\000o\000s\000s}{chapter.9}% 97
\BOOKMARK [1][]{section.9.10}{\376\377\0009\000.\0001\0000\000\040\000S\000a\000m\000p\000l\000i\000n\000g}{chapter.9}% 98
\BOOKMARK [1][]{section.9.11}{\376\377\0009\000.\0001\0001\000\040\000R\000a\000n\000k\000i\000n\000g\000\040\000g\000e\000n\000e\000r\000a\000t\000e\000d\000\040\000p\000o\000s\000e\000s}{chapter.9}% 99
\BOOKMARK [-1][]{part.6}{\376\377\000V\000I\000\040\000F\000l\000o\000w\000\040\000M\000a\000t\000c\000h\000i\000n\000g}{}% 100
\BOOKMARK [0][]{chapter.10}{\376\377\0001\0000\000\040\000C\000o\000n\000t\000i\000n\000u\000o\000u\000s\000\040\000N\000o\000r\000m\000a\000l\000i\000z\000i\000n\000g\000\040\000F\000l\000o\000w\000s\000\040\000a\000n\000d\000\040\000F\000l\000o\000w\000\040\000M\000a\000t\000c\000h\000i\000n\000g\000\040\000i\000n\000\040\000R\000d}{part.6}% 101
\BOOKMARK [1][]{section.10.1}{\376\377\0001\0000\000.\0001\000\040\000C\000o\000n\000t\000i\000n\000u\000o\000u\000s\000\040\000n\000o\000r\000m\000a\000l\000i\000z\000i\000n\000g\000\040\000f\000l\000o\000w\000s}{chapter.10}% 102
\BOOKMARK [2][]{subsection.10.1.1}{\376\377\0001\0000\000.\0001\000.\0001\000\040\000T\000h\000e\000\040\000c\000o\000n\000t\000i\000n\000u\000i\000t\000y\000\040\000e\000q\000u\000a\000t\000i\000o\000n}{section.10.1}% 103
\BOOKMARK [2][]{subsection.10.1.2}{\376\377\0001\0000\000.\0001\000.\0002\000\040\000C\000N\000F\000\040\000l\000i\000k\000e\000l\000i\000h\000o\000o\000d}{section.10.1}% 104
\BOOKMARK [1][]{section.10.2}{\376\377\0001\0000\000.\0002\000\040\000C\000o\000n\000d\000i\000t\000i\000o\000n\000a\000l\000\040\000f\000l\000o\000w\000\040\000m\000a\000t\000c\000h\000i\000n\000g}{chapter.10}% 105
\BOOKMARK [2][]{subsection.10.2.1}{\376\377\0001\0000\000.\0002\000.\0001\000\040\000T\000h\000e\000\040\000l\000i\000n\000e\000a\000r\000\040\000\050\000c\000o\000n\000d\000i\000t\000i\000o\000n\000a\000l\000\040\000o\000p\000t\000i\000m\000a\000l\000\040\000t\000r\000a\000n\000s\000p\000o\000r\000t\000\051\000\040\000p\000a\000t\000h}{section.10.2}% 106
\BOOKMARK [1][]{section.10.3}{\376\377\0001\0000\000.\0003\000\040\000S\000a\000m\000p\000l\000i\000n\000g\000:\000\040\000i\000n\000t\000e\000g\000r\000a\000t\000i\000n\000g\000\040\000t\000h\000e\000\040\000l\000e\000a\000r\000n\000e\000d\000\040\000O\000D\000E}{chapter.10}% 107
\BOOKMARK [0][]{chapter.11}{\376\377\0001\0001\000\040\000R\000i\000e\000m\000a\000n\000n\000i\000a\000n\000\040\000F\000l\000o\000w\000\040\000M\000a\000t\000c\000h\000i\000n\000g}{part.6}% 108
\BOOKMARK [1][]{section.11.1}{\376\377\0001\0001\000.\0001\000\040\000V\000e\000c\000t\000o\000r\000\040\000f\000i\000e\000l\000d\000s\000\040\000a\000n\000d\000\040\000f\000l\000o\000w\000s\000\040\000o\000n\000\040\000a\000\040\000m\000a\000n\000i\000f\000o\000l\000d}{chapter.11}% 109
\BOOKMARK [1][]{section.11.2}{\376\377\0001\0001\000.\0002\000\040\000T\000h\000e\000\040\000g\000e\000o\000d\000e\000s\000i\000c\000\040\000c\000o\000n\000d\000i\000t\000i\000o\000n\000a\000l\000\040\000p\000a\000t\000h}{chapter.11}% 110
\BOOKMARK [1][]{section.11.3}{\376\377\0001\0001\000.\0003\000\040\000F\000l\000o\000w\000\040\000m\000a\000t\000c\000h\000i\000n\000g\000\040\000o\000n\000\040\000S\000O\000\050\0003\000\051}{chapter.11}% 111
\BOOKMARK [1][]{section.11.4}{\376\377\0001\0001\000.\0004\000\040\000F\000l\000o\000w\000\040\000m\000a\000t\000c\000h\000i\000n\000g\000\040\000o\000n\000\040\000t\000h\000e\000\040\000p\000o\000s\000e\000\040\000m\000a\000n\000i\000f\000o\000l\000d\000\040\000S\000E\000\050\0003\000\051\000N}{chapter.11}% 112
\BOOKMARK [-1][]{part.7}{\376\377\000V\000I\000I\000\040\000S\000i\000g\000m\000a\000F\000l\000o\000w}{}% 113
\BOOKMARK [0][]{chapter.12}{\376\377\0001\0002\000\040\000S\000i\000g\000m\000a\000F\000l\000o\000w\000:\000\040\000F\000u\000l\000l\000\040\000R\000e\000c\000o\000n\000s\000t\000r\000u\000c\000t\000i\000o\000n}{part.7}% 114
\BOOKMARK [1][]{section.12.1}{\376\377\0001\0002\000.\0001\000\040\000W\000h\000a\000t\000\040\000c\000h\000a\000n\000g\000e\000s\000,\000\040\000a\000n\000d\000\040\000w\000h\000a\000t\000\040\000d\000o\000e\000s\000\040\000n\000o\000t}{chapter.12}% 115
\BOOKMARK [1][]{section.12.2}{\376\377\0001\0002\000.\0002\000\040\000A\000\040\000t\000i\000m\000e\000-\000c\000o\000n\000v\000e\000n\000t\000i\000o\000n\000\040\000w\000a\000r\000n\000i\000n\000g\000,\000\040\000c\000o\000n\000f\000i\000r\000m\000e\000d\000\040\000a\000t\000\040\000t\000h\000e\000\040\000s\000o\000u\000r\000c\000e\000\040\000l\000e\000v\000e\000l}{chapter.12}% 116
\BOOKMARK [1][]{section.12.3}{\376\377\0001\0002\000.\0003\000\040\000T\000r\000a\000n\000s\000l\000a\000t\000i\000o\000n\000\040\000f\000l\000o\000w\000\040\000m\000a\000t\000c\000h\000i\000n\000g\000,\000\040\000e\000x\000a\000c\000t\000l\000y\000\040\000a\000s\000\040\000i\000m\000p\000l\000e\000m\000e\000n\000t\000e\000d}{chapter.12}% 117
\BOOKMARK [1][]{section.12.4}{\376\377\0001\0002\000.\0004\000\040\000R\000o\000t\000a\000t\000i\000o\000n\000\040\000f\000l\000o\000w\000\040\000m\000a\000t\000c\000h\000i\000n\000g\000,\000\040\000e\000x\000a\000c\000t\000l\000y\000\040\000a\000s\000\040\000i\000m\000p\000l\000e\000m\000e\000n\000t\000e\000d}{chapter.12}% 118
\BOOKMARK [1][]{section.12.5}{\376\377\0001\0002\000.\0005\000\040\000N\000o\000\040\000o\000u\000t\000p\000u\000t\000\040\000d\000r\000e\000s\000s\000i\000n\000g\000:\000\040\000t\000h\000e\000\040\000e\000n\000t\000i\000r\000e\000\040\000d\000i\000f\000f\000u\000s\000i\000o\000n\000-\000s\000p\000e\000c\000i\000f\000i\000c\000\040\000s\000c\000a\000l\000a\000r\000\040\000m\000a\000c\000h\000i\000n\000e\000r\000y\000\040\000i\000s\000\040\000g\000o\000n\000e}{chapter.12}% 119
\BOOKMARK [1][]{section.12.6}{\376\377\0001\0002\000.\0006\000\040\000T\000h\000e\000\040\000l\000o\000s\000s\000\040\000f\000u\000n\000c\000t\000i\000o\000n}{chapter.12}% 120
\BOOKMARK [1][]{section.12.7}{\376\377\0001\0002\000.\0007\000\040\000T\000h\000e\000\040\000f\000u\000l\000l\000\040\000t\000r\000a\000i\000n\000i\000n\000g\000\040\000s\000t\000e\000p}{chapter.12}% 121
\BOOKMARK [1][]{section.12.8}{\376\377\0001\0002\000.\0008\000\040\000S\000a\000m\000p\000l\000i\000n\000g}{chapter.12}% 122
\BOOKMARK [1][]{section.12.9}{\376\377\0001\0002\000.\0009\000\040\000L\000i\000k\000e\000l\000i\000h\000o\000o\000d\000\040\000a\000n\000d\000\040\000c\000o\000n\000f\000i\000d\000e\000n\000c\000e\000:\000\040\000w\000h\000a\000t\000\040\000i\000s\000\040\000i\000m\000p\000l\000e\000m\000e\000n\000t\000e\000d\000,\000\040\000a\000n\000d\000\040\000w\000h\000a\000t\000\040\000i\000s\000\040\000n\000o\000t}{chapter.12}% 123
\BOOKMARK [1][]{section.12.10}{\376\377\0001\0002\000.\0001\0000\000\040\000A\000\040\000t\000e\000s\000t\000e\000d\000,\000\040\000a\000n\000d\000\040\000r\000e\000j\000e\000c\000t\000e\000d\000,\000\040\000l\000o\000s\000s\000\040\000v\000a\000r\000i\000a\000n\000t}{chapter.12}% 124
\BOOKMARK [-1][]{part.8}{\376\377\000V\000I\000I\000I\000\040\000S\000y\000n\000t\000h\000e\000s\000i\000s}{}% 125
\BOOKMARK [0][]{chapter.13}{\376\377\0001\0003\000\040\000I\000m\000p\000l\000e\000m\000e\000n\000t\000a\000t\000i\000o\000n\000\040\000D\000e\000t\000a\000i\000l\000s\000,\000\040\000N\000u\000m\000e\000r\000i\000c\000a\000l\000\040\000S\000t\000a\000b\000i\000l\000i\000t\000y\000,\000\040\000a\000n\000d\000\040\000C\000o\000n\000s\000i\000s\000t\000e\000n\000c\000y\000\040\000C\000h\000e\000c\000k\000s}{part.8}% 126
\BOOKMARK [1][]{section.13.1}{\376\377\0001\0003\000.\0001\000\040\000E\000v\000e\000r\000y\000\040\000c\000l\000a\000m\000p\000,\000\040\000e\000p\000s\000i\000l\000o\000n\000,\000\040\000a\000n\000d\000\040\000n\000u\000m\000e\000r\000i\000c\000a\000l\000\040\000s\000a\000f\000e\000g\000u\000a\000r\000d\000\040\000i\000n\000\040\000o\000n\000e\000\040\000t\000a\000b\000l\000e}{chapter.13}% 127
\BOOKMARK [1][]{section.13.2}{\376\377\0001\0003\000.\0002\000\040\000M\000a\000s\000k\000i\000n\000g\000,\000\040\000b\000a\000t\000c\000h\000i\000n\000g\000,\000\040\000a\000n\000d\000\040\000s\000c\000a\000t\000t\000e\000r\000\040\000c\000o\000n\000v\000e\000n\000t\000i\000o\000n\000s}{chapter.13}% 128
\BOOKMARK [1][]{section.13.3}{\376\377\0001\0003\000.\0003\000\040\000F\000l\000o\000a\000t\000i\000n\000g\000-\000p\000o\000i\000n\000t\000\040\000p\000r\000e\000c\000i\000s\000i\000o\000n}{chapter.13}% 129
\BOOKMARK [1][]{section.13.4}{\376\377\0001\0003\000.\0004\000\040\000D\000i\000m\000e\000n\000s\000i\000o\000n\000a\000l\000\040\000a\000n\000d\000\040\000c\000o\000n\000s\000i\000s\000t\000e\000n\000c\000y\000\040\000c\000h\000e\000c\000k\000s}{chapter.13}% 130
\BOOKMARK [1][]{section.13.5}{\376\377\0001\0003\000.\0005\000\040\000S\000u\000m\000m\000a\000r\000y\000\040\000o\000f\000\040\000o\000p\000e\000n\000\040\000i\000t\000e\000m\000s}{chapter.13}% 131
\BOOKMARK [0][]{chapter*.26}{\376\377\000C\000l\000o\000s\000i\000n\000g\000\040\000R\000e\000m\000a\000r\000k\000s}{part.8}% 132
